// Jest Snapshot v1, https://goo.gl/fbAQLP

exports[`<UserList  /> should match snapshot 1`] = `
.c2 {
  margin: 5px;
}

.c2 span {
  position: absolute !important;
  width: 100%;
  top: 50%;
  left: 50%;
  -webkit-transform: translate(-50%,-50%);
  -webkit-transform: translate(-50%,-50%);
  -ms-transform: translate(-50%,-50%);
  transform: translate(-50%,-50%);
}

.c1 {
  color: gray;
}

.c0 {
  background-color: #fff;
  padding: 1em;
  box-shadow: 0 2px 2px 0 rgba(60,75,100,0.14);
  border-radius: 2px;
  border: 1px solid lightgray;
}

<div
  class="c0"
>
  <div
    class="ant-list ant-list-vertical ant-list-split ant-list-loading demo-loadmore-list"
  >
    <div
      class="ant-spin-nested-loading"
    >
      <div>
        <div
          class="ant-spin ant-spin-spinning"
        >
          <span
            class="ant-spin-dot ant-spin-dot-spin"
          >
            <i
              class="ant-spin-dot-item"
            />
            <i
              class="ant-spin-dot-item"
            />
            <i
              class="ant-spin-dot-item"
            />
            <i
              class="ant-spin-dot-item"
            />
          </span>
        </div>
      </div>
      <div
        class="ant-spin-container ant-spin-blur"
      >
        <ul
          class="ant-list-items"
        >
          <li
            class="ant-list-item ant-list-item-no-flex "
          >
            <div
              class="ant-row"
              style="margin: -4px -4px -4px -4px;"
            >
              <div
                class="ant-col ant-col-10"
                style="padding: 4px 4px 4px 4px; text-align: center;"
              />
              <div
                class="ant-col ant-col-14"
                style="padding: 4px 4px 4px 4px;"
              >
                <h2>
                  Admin Admin
                </h2>
                <div
                  class="ant-row c1"
                  style="margin: -4px -4px -4px -4px;"
                >
                  <div
                    class="ant-col ant-col-4"
                    style="padding: 4px 4px 4px 4px;"
                  >
                    <span
                      aria-label="phone"
                      class="anticon anticon-phone"
                      role="img"
                    >
                      <svg
                        aria-hidden="true"
                        data-icon="phone"
                        fill="currentColor"
                        focusable="false"
                        height="1em"
                        viewBox="64 64 896 896"
                        width="1em"
                      >
                        <path
                          d="M885.6 230.2L779.1 123.8a80.83 80.83 0 00-57.3-23.8c-21.7 0-42.1 8.5-57.4 23.8L549.8 238.4a80.83 80.83 0 00-23.8 57.3c0 21.7 8.5 42.1 23.8 57.4l83.8 83.8A393.82 393.82 0 01553.1 553 395.34 395.34 0 01437 633.8L353.2 550a80.83 80.83 0 00-57.3-23.8c-21.7 0-42.1 8.5-57.4 23.8L123.8 664.5a80.89 80.89 0 00-23.8 57.4c0 21.7 8.5 42.1 23.8 57.4l106.3 106.3c24.4 24.5 58.1 38.4 92.7 38.4 7.3 0 14.3-.6 21.2-1.8 134.8-22.2 268.5-93.9 376.4-201.7C828.2 612.8 899.8 479.2 922.3 344c6.8-41.3-6.9-83.8-36.7-113.8z"
                        />
                      </svg>
                    </span>
                  </div>
                  <div
                    class="ant-col ant-col-20"
                    style="padding: 4px 4px 4px 4px;"
                  />
                  <div
                    class="ant-col ant-col-4"
                    style="padding: 4px 4px 4px 4px;"
                  >
                    <span
                      aria-label="mail"
                      class="anticon anticon-mail"
                      role="img"
                    >
                      <svg
                        aria-hidden="true"
                        data-icon="mail"
                        fill="currentColor"
                        focusable="false"
                        height="1em"
                        viewBox="64 64 896 896"
                        width="1em"
                      >
                        <path
                          d="M928 160H96c-17.7 0-32 14.3-32 32v640c0 17.7 14.3 32 32 32h832c17.7 0 32-14.3 32-32V192c0-17.7-14.3-32-32-32zm-80.8 108.9L531.7 514.4c-7.8 6.1-18.7 6.1-26.5 0L189.6 268.9A7.2 7.2 0 01194 256h648.8a7.2 7.2 0 014.4 12.9z"
                        />
                      </svg>
                    </span>
                  </div>
                  <div
                    class="ant-col ant-col-20"
                    style="padding: 4px 4px 4px 4px;"
                  >
                    johnbrown@gmail.com
                  </div>
                </div>
              </div>
            </div>
            <div
              class="ant-row"
              style="margin: -4px -4px -4px -4px;"
            >
              <div
                class="ant-col ant-col-14 ant-col-offset-10"
                style="padding: 4px 4px 4px 4px;"
              >
                <div
                  class="ant-row"
                  style="margin: -4px -4px -4px -4px;"
                >
                  <div
                    class="ant-col ant-col-8"
                    style="padding: 4px 4px 4px 4px;"
                  >
                    <button
                      class="ant-btn ant-btn-primary ant-btn-circle ant-btn-icon-only c2"
                      type="button"
                    >
                      <span
                        aria-label="eye"
                        class="anticon anticon-eye"
                        role="img"
                      >
                        <svg
                          aria-hidden="true"
                          data-icon="eye"
                          fill="currentColor"
                          focusable="false"
                          height="1em"
                          viewBox="64 64 896 896"
                          width="1em"
                        >
                          <path
                            d="M942.2 486.2C847.4 286.5 704.1 186 512 186c-192.2 0-335.4 100.5-430.2 300.3a60.3 60.3 0 000 51.5C176.6 737.5 319.9 838 512 838c192.2 0 335.4-100.5 430.2-300.3 7.7-16.2 7.7-35 0-51.5zM512 766c-161.3 0-279.4-81.8-362.7-254C232.6 339.8 350.7 258 512 258c161.3 0 279.4 81.8 362.7 254C791.5 684.2 673.4 766 512 766zm-4-430c-97.2 0-176 78.8-176 176s78.8 176 176 176 176-78.8 176-176-78.8-176-176-176zm0 288c-61.9 0-112-50.1-112-112s50.1-112 112-112 112 50.1 112 112-50.1 112-112 112z"
                          />
                        </svg>
                      </span>
                    </button>
                  </div>
                  <div
                    class="ant-col ant-col-8"
                    style="padding: 4px 4px 4px 4px;"
                  >
                    <button
                      class="ant-btn ant-btn-circle ant-btn-icon-only c2"
                      type="button"
                    >
                      <span
                        aria-label="edit"
                        class="anticon anticon-edit"
                        role="img"
                      >
                        <svg
                          aria-hidden="true"
                          data-icon="edit"
                          fill="currentColor"
                          focusable="false"
                          height="1em"
                          viewBox="64 64 896 896"
                          width="1em"
                        >
                          <path
                            d="M257.7 752c2 0 4-.2 6-.5L431.9 722c2-.4 3.9-1.3 5.3-2.8l423.9-423.9a9.96 9.96 0 000-14.1L694.9 114.9c-1.9-1.9-4.4-2.9-7.1-2.9s-5.2 1-7.1 2.9L256.8 538.8c-1.5 1.5-2.4 3.3-2.8 5.3l-29.5 168.2a33.5 33.5 0 009.4 29.8c6.6 6.4 14.9 9.9 23.8 9.9zm67.4-174.4L687.8 215l73.3 73.3-362.7 362.6-88.9 15.7 15.6-89zM880 836H144c-17.7 0-32 14.3-32 32v36c0 4.4 3.6 8 8 8h784c4.4 0 8-3.6 8-8v-36c0-17.7-14.3-32-32-32z"
                          />
                        </svg>
                      </span>
                    </button>
                  </div>
                  <div
                    class="ant-col ant-col-8"
                    style="padding: 4px 4px 4px 4px;"
                  >
                    <button
                      class="ant-btn ant-btn-circle ant-btn-icon-only ant-btn-dangerous c2"
                      type="button"
                    >
                      <span
                        aria-label="delete"
                        class="anticon anticon-delete"
                        role="img"
                      >
                        <svg
                          aria-hidden="true"
                          data-icon="delete"
                          fill="currentColor"
                          focusable="false"
                          height="1em"
                          viewBox="64 64 896 896"
                          width="1em"
                        >
                          <path
                            d="M360 184h-8c4.4 0 8-3.6 8-8v8h304v-8c0 4.4 3.6 8 8 8h-8v72h72v-80c0-35.3-28.7-64-64-64H352c-35.3 0-64 28.7-64 64v80h72v-72zm504 72H160c-17.7 0-32 14.3-32 32v32c0 4.4 3.6 8 8 8h60.4l24.7 523c1.6 34.1 29.8 61 63.9 61h454c34.2 0 62.3-26.8 63.9-61l24.7-523H888c4.4 0 8-3.6 8-8v-32c0-17.7-14.3-32-32-32zM731.3 840H292.7l-24.2-512h487l-24.2 512z"
                          />
                        </svg>
                      </span>
                    </button>
                  </div>
                </div>
              </div>
            </div>
          </li>
        </ul>
      </div>
    </div>
  </div>
</div>
`;
