// Jest Snapshot v1, https://goo.gl/fbAQLP

exports[`<App /> should render and match the snapshot 1`] = `
<BrowserRouter>
  <Helmet
    defaultTitle="Staff Management"
    defer={true}
    encodeSpecialCharacters={true}
    htmlAttributes={
      Object {
        "lang": "en-US",
      }
    }
    titleTemplate="%s - Staff Management"
  >
    <meta
      content="A Staff Management application"
      name="description"
    />
  </Helmet>
  <AuthContextProvider
    authProvider={
      Object {
        "checkAuth": [Function],
        "getIdentity": [Function],
        "login": [Function],
        "logout": [Function],
      }
    }
  >
    <ToastContextProvider>
      <BreadCrumbsContextProvider>
        <Switch>
          <PublicRoute
            component={[Function]}
            exact={true}
            path="/login"
            restricted={true}
          />
          <PublicRoute
            component={[Function]}
            path="/forgot-password"
            restricted={true}
          />
          <PublicRoute
            component={[Function]}
            path="/reset-password"
            restricted={true}
          />
          <AppLayout>
            <PrivateRoute
              component={[Function]}
              exact={true}
              path="/dashboard"
            />
            <PrivateRoute
              component={[Function]}
              path="/employees"
            />
            <PrivateRoute
              component={[Function]}
              path="/projects"
            />
            <PrivateRoute
              component={[Function]}
              path="/leave_applications"
            />
            <PrivateRoute
              component={[Function]}
              path="/leave_applications/create"
            />
            <PrivateRoute
              component={[Function]}
              path="/leave_applications/:id"
            />
            <PrivateRoute
              component={[Function]}
              path="/users"
            />
            <PrivateRoute
              component={[Function]}
              path="/devices"
            />
            <PrivateRoute
              component={[Function]}
              path="/tasks"
            />
          </AppLayout>
          <Route
            component={[Function]}
          />
        </Switch>
      </BreadCrumbsContextProvider>
    </ToastContextProvider>
  </AuthContextProvider>
  <Memo(GlobalStyleComponent) />
</BrowserRouter>
`;
