// Jest Snapshot v1, https://goo.gl/fbAQLP

exports[`<App /> should render and match the snapshot 1`] = `
<BrowserRouter>
  <Helmet
    defaultTitle="Staff Management"
    defer={true}
    encodeSpecialCharacters={true}
    htmlAttributes={
      Object {
        "lang": "en-US",
      }
    }
    titleTemplate="%s - Staff Management"
  >
    <meta
      content="A Staff Management application"
      name="description"
    />
  </Helmet>
  <AuthContextProvider
    authProvider={
      Object {
        "checkAuth": [Function],
        "getIdentity": [Function],
        "login": [Function],
        "logout": [Function],
      }
    }
  >
    <ToastContextProvider>
      <Switch>
        <PublicRoute
          component={[Function]}
          exact={true}
          path="/login"
          restricted={true}
        />
        <PublicRoute
          component={[Function]}
          exact={true}
          path="/forgot-password"
          restricted={true}
        />
        <PublicRoute
          component={[Function]}
          exact={true}
          path="/reset-password"
          restricted={true}
        />
        <AppLayout>
          <Switch>
            <PrivateRoute
              component={[Function]}
              exact={true}
              path="/dashboard"
            />
            <PrivateRoute
              component={[Function]}
              exact={true}
              path="/employees"
            />
            <PrivateRoute
              component={[Function]}
              exact={true}
              path="/employees/:id"
            />
            <PrivateRoute
              component={[Function]}
              exact={true}
              path="/employees/:id/notes"
            />
            <PrivateRoute
              component={[Function]}
              exact={true}
              path="/employees/:id/projects"
            />
            <PrivateRoute
              component={[Function]}
              exact={true}
              path="/employees/create"
            />
            <PrivateRoute
              component={[Function]}
              exact={true}
              path="/projects"
            />
            <PrivateRoute
              component={[Function]}
              exact={true}
              path="/leave_applications"
            />
            <PrivateRoute
              component={[Function]}
              exact={true}
              path="/leave_applications/create"
            />
            <PrivateRoute
              component={[Function]}
              exact={true}
              path="/leave_applications/:id"
            />
            <PrivateRoute
              component={[Function]}
              exact={true}
              path="/projects/create"
            />
            <PrivateRoute
              component={[Function]}
              exact={true}
              path="/projects/:id"
            />
            <PrivateRoute
              component={[Function]}
              exact={true}
              path="/users"
            />
            <PrivateRoute
              component={[Function]}
              exact={true}
              path="/users/create"
            />
            <PrivateRoute
              component={[Function]}
              exact={true}
              path="/users/:id"
            />
          </Switch>
        </AppLayout>
        <Route
          component={[Function]}
        />
      </Switch>
    </ToastContextProvider>
  </AuthContextProvider>
  <Memo(GlobalStyleComponent) />
</BrowserRouter>
`;
